---
title: 今天也努力学习
date: 2019-02-23 17:50:04
tags: 日记
---

临近开学（任务检查）之际 ，又努力学习了一波。











> Ubuntu指令 LIst
>
> ##### 常用指令
>
> ```
> pwd      当前工作目录               pwd
> ls       当前目录内容(list)         ls
> mkdir    创建目录(makedir)         mkdir books
> cd       进入目录                  cd books
> touch    生成空文件                touch book.txt
> echo     带内容的文件              echo "内容" > book.txt
> cp       拷贝文件（copy）          cp book.txt book.txt.bak
> rm       删除文件（remove）        rm -r（删除所有文件）/-f（强制删除） book.txt
> rm -rf +foldername 删除文件夹 
> rmdir    删除空目录                rmdir 空目录
> mv       移动文件（move）          mv 原文件 目标位置
> mv       重命名                    mv a.txt b.txt
> find     查找文件                  find [指定目录] -name 文件名
> grep     查找指定文件里的内容      grep "是否有包含内容" book.txt
> wc       统计文本的行数字符数      wc book.txt
> tree     树状目录                  tree
> ln       建立软链接（link）        ln -s 目标目录 链接目录（快捷方式）
> cat      查看文件内容              cat book.txt
> more     分页显示文件内容
> less     分页显示文件内容
> head     显示文本开头内容
> tail     显示文件内容结尾内容
> vim编辑器： ：wq保存并退出 ：q直接退出 ：/搜索+要搜寻的字符串 （按n 下一个匹配的字符
> ```
>
> > -s 是代号（symbolic）的意思  
>
> ln命令会保持每一处链接文件的同步性——不论你改动了哪一处，其它的文件都会发生相同的变化；
>
> 第二，ln的链接又软链接和硬链接两种，软链接就是ln –s 
>
> **它只会在你选定的位置上生成一个文件的镜像，不会占用磁盘空间，硬链接ln ** ，没有参数-s， 它会在你选定的位置上生成一个和源文件大小相同的文件，无论是软链接还是硬链接，文件都保持同步变化。

用ls察看一个目录时，发现有的文件后面有一个@的符号，那就是一个用ln命令生成的文件，用ls –l命令去察看，就可以看到显示的link的路径了。

> 将档案 yy 产生一个 symbolic link : zz  
> 　　ln -s yy zz

> 文件夹建立软链接（用绝对地址）　　ln -s 源地址  目的地

# 常用 Git 命令

1.新建代码库

```bash
# 在当前目录新建一个Git代码库
$ git init

# 新建一个目录，将其初始化为Git代码库
$ git init [project-name]

# 下载一个项目和它的整个代码历史
$ git clone [url]
```

2.配置

> ```bash
> # 显示当前的Git配置
> $ git config --list
> 
> # 编辑Git配置文件
> $ git config -e [--global]
> 
> # 设置提交代码时的用户信息
> $ git config [--global] user.name "[name]"
> $ git config [--global] user.email "[email address]"
> ```

3.增删改

```bash
# 添加指定文件到暂存区
$ git add [file1] [file2] ...

# 添加指定目录到暂存区，包括子目录
$ git add [dir]

# 添加当前目录的所有文件到暂存区
$ git add .

# 添加每个变化前，都会要求确认
# 对于同一个文件的多处变化，可以实现分次提交
$ git add -p

# 删除工作区文件，并且将这次删除放入暂存区
$ git rm [file1] [file2] ...

# 停止追踪指定文件，但该文件会保留在工作区
$ git rm --cached [file]

# 改名文件，并且将这个改名放入暂存区
$ git mv [file-original] [file-renamed]
```

```bash
# 提交暂存区到仓库区
$ git commit -m [message]

# 提交暂存区的指定文件到仓库区
$ git commit [file1] [file2] ... -m [message]

# 提交工作区自上次commit之后的变化，直接到仓库区
$ git commit -a

# 提交时显示所有diff信息
$ git commit -v

# 使用一次新的commit，替代上一次提交
# 如果代码没有任何新变化，则用来改写上一次commit的提交信息
$ git commit --amend -m [message]

# 重做上一次commit，并包括指定文件的新变化
$ git commit --amend [file1] [file2] ...
```

4.分支

```bash
# 列出所有本地分支
$ git branch

# 列出所有远程分支
$ git branch -r

# 列出所有本地分支和远程分支
$ git branch -a

# 新建一个分支，但依然停留在当前分支
$ git branch [branch-name]

# 新建一个分支，并切换到该分支
$ git checkout -b [branch]

# 新建一个分支，指向指定commit
$ git branch [branch] [commit]

# 新建一个分支，与指定的远程分支建立追踪关系
$ git branch --track [branch] [remote-branch]

# 切换到指定分支，并更新工作区
$ git checkout [branch-name]

# 切换到上一个分支
$ git checkout -

# 建立追踪关系，在现有分支与指定的远程分支之间
$ git branch --set-upstream [branch] [remote-branch]

# 合并指定分支到当前分支
$ git merge [branch]

# 选择一个commit，合并进当前分支
$ git cherry-pick [commit]

# 删除分支
$ git branch -d [branch-name]

# 删除远程分支
$ git push origin --delete [branch-name]
$ git branch -dr [remote/branch]
```

5.标签tag

```bash
# 列出所有tag
$ git tag

# 新建一个tag在当前commit
$ git tag [tag]

# 新建一个tag在指定commit
$ git tag [tag] [commit]

# 删除本地tag
$ git tag -d [tag]

# 删除远程tag
$ git push origin :refs/tags/[tagName]

# 查看tag信息
$ git show [tag]

# 提交指定tag
$ git push [remote] [tag]

# 提交所有tag
$ git push [remote] --tags

# 新建一个分支，指向某个tag
$ git checkout -b [branch] [tag]
```

6.变化历史查询

```bash
# 显示有变更的文件
$ git status

# 显示当前分支的版本历史
$ git log

# 显示commit历史，以及每次commit发生变更的文件
$ git log --stat

# 搜索提交历史，根据关键词
$ git log -S [keyword]

# 显示某个commit之后的所有变动，每个commit占据一行
$ git log [tag] HEAD --pretty=format:%s

# 显示某个commit之后的所有变动，其"提交说明"必须符合搜索条件
$ git log [tag] HEAD --grep feature

# 显示某个文件的版本历史，包括文件改名
$ git log --follow [file]
$ git whatchanged [file]

# 显示指定文件相关的每一次diff
$ git log -p [file]

# 显示过去5次提交
$ git log -5 --pretty --oneline

# 显示所有提交过的用户，按提交次数排序
$ git shortlog -sn

# 显示指定文件是什么人在什么时间修改过
$ git blame [file]

# 显示暂存区和工作区的差异
$ git diff

# 显示暂存区和上一个commit的差异
$ git diff --cached [file]

# 显示工作区与当前分支最新commit之间的差异
$ git diff HEAD

# 显示两次提交之间的差异
$ git diff [first-branch]...[second-branch]

# 显示今天你写了多少行代码
$ git diff --shortstat "@{0 day ago}"

# 显示某次提交的元数据和内容变化
$ git show [commit]

# 显示某次提交发生变化的文件
$ git show --name-only [commit]

# 显示某次提交时，某个文件的内容
$ git show [commit]:[filename]

# 显示当前分支的最近几次提交
$ git reflog
```

```bash
# 下载远程仓库的所有变动
$ git fetch [remote]

# 显示所有远程仓库
$ git remote -v

# 显示某个远程仓库的信息
$ git remote show [remote]

# 增加一个新的远程仓库，并命名
$ git remote add [shortname] [url]

# 取回远程仓库的变化，并与本地分支合并
$ git pull [remote] [branch]

# 上传本地指定分支到远程仓库
$ git push [remote] [branch]

# 强行推送当前分支到远程仓库，即使有冲突
$ git push [remote] --force

# 推送所有分支到远程仓库
$ git push [remote] --all
```

```bash
# 恢复暂存区的指定文件到工作区
$ git checkout [file]

# 恢复某个commit的指定文件到暂存区和工作区
$ git checkout [commit] [file]

# 恢复暂存区的所有文件到工作区
$ git checkout .

# 重置暂存区的指定文件，与上一次commit保持一致，但工作区不变
$ git reset [file]

# 重置暂存区与工作区，与上一次commit保持一致
$ git reset --hard

# 重置当前分支的指针为指定commit，同时重置暂存区，但工作区不变
$ git reset [commit]

# 重置当前分支的HEAD为指定commit，同时重置暂存区和工作区，与指定commit一致
$ git reset --hard [commit]

# 重置当前HEAD为指定commit，但保持暂存区和工作区不变
$ git reset --keep [commit]

# 新建一个commit，用来撤销指定commit
# 后者的所有变化都将被前者抵消，并且应用到当前分支
$ git revert [commit]

# 暂时将未提交的变化移除，稍后再移入
$ git stash
$ git stash pop
```

git fetch origin

git reset --hard

# MYSQL 创建数据库

注意：创建数据库之前要先连接Mysql服务器

命令：create database <数据库名>

**例1：建立一个名为xhkdb的数据库**
   mysql> create database xhkdb;

**例2：创建数据库并分配用户**

①CREATE DATABASE 数据库名;

②GRANT SELECT,INSERT,UPDATE,DELETE,CREATE,DROP,ALTER ON 数据库名.* TO 数据库名@localhost IDENTIFIED BY '密码';

③SET PASSWORD FOR '数据库名'@'localhost' = OLD_PASSWORD('密码');

依次执行3个命令完成数据库创建。注意：中文 “密码”和“数据库”是户自己需要设置的。

# 4.2 显示数据库

命令：show databases （注意：最后有个s）
mysql> show databases;

注意：为了不再显示的时候乱码，要修改数据库默认编码。以下以GBK编码页面为例进行说明：

**1、修改MYSQL的配置文件：**my.ini里面修改default-character-set=gbk
**2、代码运行时修改：**
   ①Java代码：jdbc:mysql://localhost:3306/test?useUnicode=true&characterEncoding=gbk
   ②PHP代码：header("Content-Type:text/html;charset=gb2312");
   ③C语言代码：int mysql_set_character_set( MYSQL * mysql, char * csname)；
该函数用于为当前连接设置默认的字符集。字符串csname指定了1个有效的字符集名称。连接校对成为字符集的默认校对。该函数的工作方式与SET NAMES语句类似，但它还能设置mysql- > charset的值，从而影响了由mysql_real_escape_string() 设置的字符集。

# 4.3 删除数据库

命令：drop database <数据库名>
例如：删除名为 xhkdb的数据库
mysql> drop database xhkdb;

例子1：删除一个已经确定存在的数据库
   mysql> drop database drop_database;
   Query OK, 0 rows affected (0.00 sec)

例子2：删除一个不确定存在的数据库
   mysql> drop database drop_database;
   ERROR 1008 (HY000): Can't drop database 'drop_database'; database doesn't exist
​      //发生错误，不能删除'drop_database'数据库，该数据库不存在。
   mysql> drop database if exists drop_database;
   Query OK, 0 rows affected, 1 warning (0.00 sec)//产生一个警告说明此数据库不存在
   mysql> create database drop_database;
   Query OK, 1 row affected (0.00 sec)
   mysql> drop database if exists drop_database;//if exists 判断数据库是否存在，不存在也不产生错误
   Query OK, 0 rows affected (0.00 sec)

# 4.4 连接数据库

命令： use <数据库名>

例如：如果xhkdb数据库存在，尝试存取它：
   mysql> use xhkdb;
屏幕提示：Database changed

**use 语句可以通告MySQL把db_name数据库作为默认（当前）数据库使用，用于后续语句。**该数据库保持为默认数据库，直到语段的结尾，或者直到发布一个不同的USE语句：
   mysql> USE db1;
   mysql> SELECT COUNT(*) FROM mytable;   # selects from db1.mytable
   mysql> USE db2;
   mysql> SELECT COUNT(*) FROM mytable;   # selects from db2.mytable

**使用USE语句为一个特定的当前的数据库做标记，不会阻碍您访问其它数据库中的表。**下面的例子可以从db1数据库访问作者表，并从db2数据库访问编辑表：
   mysql> USE db1;
   mysql> SELECT author_name,editor_name FROM author,db2.editor
​       ->        WHERE author.editor_id = db2.editor.editor_id;

USE语句被设立出来，用于与Sybase相兼容。

有些网友问到，连接以后怎么退出。其实，不用退出来，use 数据库后，使用show databases就能查询所有数据库，如果想跳到其他数据库，用
   use 其他数据库名字
就可以了。

# 4.5 当前选择的数据库

命令：mysql> select database();

MySQL中SELECT命令类似于其他编程语言里的print或者write，你可以用它来显示一个字符串、数字、数学表达式的结果等等。如何使用MySQL中SELECT命令的特殊功能？

1.显示MYSQL的版本
mysql> select version(); 
+-----------------------+ 
| version()             | 
+-----------------------+ 
| 6.0.4-alpha-community | 
+-----------------------+ 
1 row in set (0.02 sec) 

1. 显示当前时间
   mysql> select now(); 
   +---------------------+ 
   | now()               | 
   +---------------------+ 
   | 2009-09-15 22:35:32 | 
   +---------------------+ 
   1 row in set (0.04 sec) 
2. 显示年月日
   SELECT DAYOFMONTH(CURRENT_DATE); 
   +--------------------------+ 
   | DAYOFMONTH(CURRENT_DATE) | 
   +--------------------------+ 
   |                       15 | 
   +--------------------------+ 
   1 row in set (0.01 sec) 

SELECT MONTH(CURRENT_DATE); 
+---------------------+ 
| MONTH(CURRENT_DATE) | 
+---------------------+ 
|                   9 | 
+---------------------+ 
1 row in set (0.00 sec) 

SELECT YEAR(CURRENT_DATE); 
+--------------------+ 
| YEAR(CURRENT_DATE) | 
+--------------------+ 
|               2009 | 
+--------------------+ 
1 row in set (0.00 sec) 

1. 显示字符串
   mysql> SELECT "welecome to my blog!"; 
   +----------------------+ 
   | welecome to my blog! | 
   +----------------------+ 
   | welecome to my blog! | 
   +----------------------+ 
   1 row in set (0.00 sec) 
2. 当计算器用
   select ((4 * 4) / 10 ) + 25; 
   +----------------------+ 
   | ((4 * 4) / 10 ) + 25 | 
   +----------------------+ 
   |                26.60 | 
   +----------------------+ 
   1 row in set (0.00 sec) 
3. 串接字符串
   select CONCAT(f_name, " ", l_name) 
   AS Name 
   from employee_data 
   where title = 'Marketing Executive'; 
   +---------------+ 
   | Name          | 
   +---------------+ 
   | Monica Sehgal | 
   | Hal Simlai    | 
   | Joseph Irvine | 
   +---------------+ 
   3 rows in set (0.00 sec) 
   注意：这里用到CONCAT()函数，用来把字符串串接起来。另外，我们还用到以前学到的AS给结果列'CONCAT(f_name, " ", l_name)'起了个假名。

# 5.1 创建数据表

命令：create table <表名> ( <字段名1> <类型1> [,..<字段名n> <类型n>]);

例如，建立一个名为MyClass的表，

| 字段名 | 数字类型 | 数据宽度 | 是否为空 | 是否主键    | 自动增加       | 默认值 |
| ------ | -------- | -------- | -------- | ----------- | -------------- | ------ |
| id     | int      | 4        | 否       | primary key | auto_increment |        |
| name   | char     | 20       | 否       |             |                |        |
| sex    | int      | 4        | 否       |             |                | 0      |
| degree | double   | 16       | 是       |             |                |        |

mysql> 

create

table

 MyClass(

\> id int(4) not null 

primary key auto_increment

,

\> name char(20) not null,

\> sex int(4) not null

 default

 '0',

\> degree double(16,2));

# 5.3 删除数据表

命令：drop table <表名>

例如：删除表名为 MyClass 的表
   mysql> drop table MyClass;

DROP TABLE用于取消一个或多个表。您必须有每个表的DROP权限。所有的表数据和表定义会被取消，所以使用本语句要小心！

注意：对于一个带分区的表，DROP TABLE会永久性地取消表定义，取消各分区，并取消储存在这些分区中的所有数据。DROP TABLE还会取消与被取消的表有关联的分区定义（.par）文件。

对与不存在的表，使用IF EXISTS用于防止错误发生。当使用IF EXISTS时，对于每个不存在的表，会生成一个NOTE。

RESTRICT和CASCADE可以使分区更容易。目前，RESTRICT和CASCADE不起作用。

# 5.4 表插入数据

命令：insert into <表名> [( <字段名1>[,..<字段名n > ])] values ( 值1 )[, ( 值n )]

例如：往表 MyClass中插入二条记录, 这二条记录表示：编号为1的名为Tom的成绩为96.45, 编号为2 的名为Joan 的成绩为82.99， 编号为3 的名为Wang 的成绩为96.5。
   mysql> insert into MyClass values(1,'Tom',96.45),(2,'Joan',82.99), (2,'Wang', 96.59);

注意：insert into每次只能向表中插入一条记录。

# 5.5 查询表中的数据

**1)、查询所有行**
命令： select <字段1，字段2，...> from < 表名 > where < 表达式 >
例如：查看表 MyClass 中所有数据
   mysql> select * from MyClass;

**2）、查询前几行数据**
例如：查看表 MyClass 中前2行数据
mysql> select * from MyClass order by id limit 0,2;

select一般配合where使用，以查询更精确更复杂的数据。

# 5.6 删除表中数据

 

 

 

命令：delete from 表名 where 表达式

例如：删除表 MyClass中编号为1 的记录

mysql> delete from MyClass where id=1;

下面是一个删除数据前后表的对比。

| FirstName | LastName | Age  |
| --------- | -------- | ---- |
| Peter     | Griffin  | 35   |
| Glenn     | Quagmire | 33   |

下面以PHP代码为例删除 "Persons" 表中所有 LastName='Griffin' 的记录：

```
<?php 
   $con = mysql_connect("localhost","peter","abc123"); 
   if (!$con) 
   {
      die('Could not connect: ' . mysql_error()); 
   } 
   mysql_select_db("my_db", $con); 
   mysql_query("DELETE FROM Persons WHERE LastName='Griffin'"); mysql_close($con); 
?>
```

在这次删除之后，表是这样的：

| FirstName | LastName | Age  |
| --------- | -------- | ---- |
| Glenn     | Quagmire | 33   |

# 5.7 修改表中数据

语法：update 表名 set 字段=新值,… where 条件
   mysql> update MyClass set name='Mary' where id=1;

**例子1：单表的MySQL UPDATE语句：**
   UPDATE [LOW_PRIORITY][IGNORE] tbl_name SET col_name1=expr1 [, col_name2=expr2 ...][WHERE where_definition] [ORDER BY ...][LIMIT row_count]

**例子2：多表的UPDATE语句：**
UPDATE [LOW_PRIORITY][IGNORE] table_references SET col_name1=expr1 [, col_name2=expr2 ...][WHERE where_definition]

UPDATE语法可以用新值更新原有表行中的各列。SET子句指示要修改哪些列和要给予哪些值。WHERE子句指定应更新哪些行。如果没有WHERE子句，则更新所有的行。如果指定了ORDER BY子句，则按照被指定的顺序对行进行更新。LIMIT子句用于给定一个限值，限制可以被更新的行的数目。

 

# 5.8 增加字段

命令：**alter table** 表名 **add**字段 类型 其他;
例如：在表MyClass中添加了一个字段passtest，类型为int(4)，默认值为0
   mysql> **alter table** MyClass **add** passtest **int(**4**) default** '0'

**加索引**
   mysql> alter table 表名 add index 索引名 (字段名1[，字段名2 …]);
例子： mysql> alter table employee add index emp_name (name);

**加主关键字的索引**
  mysql> alter table 表名 add primary key (字段名);
例子： mysql> alter table employee add primary key(id);

**加唯一限制条件的索引**
   mysql> alter table 表名 add unique 索引名 (字段名);
例子： mysql> alter table employee add unique emp_name2(cardnumber);

**删除某个索引**
   mysql> alter table 表名 drop index 索引名;
例子： mysql>alter table employee drop index emp_name;

**增加字段：**
mysql> ALTER TABLE table_name ADD field_name field_type;

**修改原字段名称及类型：**
mysql> ALTER TABLE table_name CHANGE old_field_name new_field_name field_type;

**删除字段：**
MySQL ALTER TABLE table_name DROP field_name;

# 5.9 修改表名

命令：rename table 原表名 to 新表名;

例如：在表MyClass名字更改为YouClass
   mysql> rename table MyClass to YouClass;

当你执行 RENAME 时，你不能有任何锁定的表或活动的事务。你同样也必须有对原初表的 ALTER 和 DROP 权限，以及对新表的 CREATE 和 INSERT 权限。

如果在多表更名中，MySQL 遭遇到任何错误，它将对所有被更名的表进行倒退更名，将每件事物退回到最初状态。

RENAME TABLE 在 MySQL 3.23.23 中被加入。

# 6、备份数据库

命令在DOS的[url=file://\\mysql\\bin]\\mysql\\bin[/url]目录下执行

**1.导出整个数据库**
导出文件默认是存在mysql\bin目录下
​    mysqldump -u 用户名 -p 数据库名 > 导出的文件名
​    mysqldump -u user_name -p123456 database_name > outfile_name.sql

**2.导出一个表**
​    mysqldump -u 用户名 -p 数据库名 表名> 导出的文件名
​    mysqldump -u user_name -p database_name table_name > outfile_name.sql

**3.导出一个数据库结构**
​    mysqldump -u user_name -p -d –add-drop-table database_name > outfile_name.sql
​    -d 没有数据 –add-drop-table 在每个create语句之前增加一个drop table

**4.带语言参数导出**
​    mysqldump -uroot -p –default-character-set=latin1 –set-charset=gbk –skip-opt database_name > outfile_name.sql

例如，将aaa库备份到文件back_aaa中：
　　[root@test1 root]# cd　/home/data/mysql
　　[root@test1 mysql]# mysqldump -u root -p --opt aaa > back_aaa

# 7.1 一个建库和建表的实例1

drop database if exists school; //如果存在SCHOOL则删除
create database school; //建立库SCHOOL
use school; //打开库SCHOOL
create table teacher //建立表TEACHER
(
​    id int(3) auto_increment not null primary key,
​    name char(10) not null,
​    address varchar(50) default ‘深圳’,
​    year date
); //建表结束

//以下为插入字段
insert into teacher values(”,’allen’,'大连一中’,'1976-10-10′);
insert into teacher values(”,’jack’,'大连二中’,'1975-12-23′);

如果你在mysql提示符键入上面的命令也可以，但不方便调试。
1、你可以将以上命令原样写入一个文本文件中，假设为school.sql，然后复制到c:\\下，并在DOS状态进入目录[url=file://\\mysql\\bin]\\mysql\\bin[/url]，然后键入以下命令：
​    mysql -uroot -p密码 < c:\\school.sql
如果成功，空出一行无任何显示；如有错误，会有提示。（以上命令已经调试，你只要将//的注释去掉即可使用）。

2、或者进入命令行后使用 mysql> source c:\\school.sql; 也可以将school.sql文件导入数据库中。



# 7.2 一个建库和建表的实例2

drop database if exists school; //如果存在SCHOOL则删除
create database school; //建立库SCHOOL
use school; //打开库SCHOOL
create table teacher //建立表TEACHER
(
​    id int(3) auto_increment not null primary key,
​    name char(10) not null,
​    address varchar(50) default ''深圳'',
​    year date
); //建表结束

//以下为插入字段
insert into teacher values('''',''glchengang'',''深圳一中'',''1976-10-10'');
insert into teacher values('''',''jack'',''深圳一中'',''1975-12-23'');

注：在建表中
1、将ID设为长度为3的数字字段:int(3)；并让它每个记录自动加一:auto_increment；并不能为空:not null；而且让他成为主字段primary key。

2、将NAME设为长度为10的字符字段

3、将ADDRESS设为长度50的字符字段，而且缺省值为深圳。

4、将YEAR设为日期字段。